manifest with default values should match snapshot:
  1: |
    apiVersion: v1
    data:
      config.yaml: |2
        process:
          delay: 1s
    kind: ConfigMap
    metadata:
      name: RELEASE-NAME-config
